[INFO] Scanning for projects...
[INFO] 
[INFO] -----------------------< com.capstone:todo-app >------------------------
[INFO] Building todo-app 1.0.0
[INFO]   from pom.xml
[INFO] --------------------------------[ jar ]---------------------------------
[INFO] 
[INFO] >>> spring-boot:3.3.2:run (default-cli) > test-compile @ todo-app >>>
[INFO] 
[INFO] --- resources:3.3.1:resources (default-resources) @ todo-app ---
[INFO] Copying 1 resource from src\main\resources to target\classes
[INFO] Copying 4 resources from src\main\resources to target\classes
[INFO] 
[INFO] --- compiler:3.13.0:compile (default-compile) @ todo-app ---
[INFO] Nothing to compile - all classes are up to date.
[INFO] 
[INFO] --- resources:3.3.1:testResources (default-testResources) @ todo-app ---
[INFO] skip non existing resourceDirectory C:\Users\SoumavaSamanta\sample-app-capstone\src\test\resources
[INFO] 
[INFO] --- compiler:3.13.0:testCompile (default-testCompile) @ todo-app ---
[INFO] Nothing to compile - all classes are up to date.
[INFO] 
[INFO] <<< spring-boot:3.3.2:run (default-cli) < test-compile @ todo-app <<<
[INFO] 
[INFO] 
[INFO] --- spring-boot:3.3.2:run (default-cli) @ todo-app ---
[INFO] Attaching agents: []

  .   ____          _            __ _ _
 /\\ / ___'_ __ _ _(_)_ __  __ _ \ \ \ \
( ( )\___ | '_ | '_| | '_ \/ _` | \ \ \ \
 \\/  ___)| |_)| | | | | || (_| |  ) ) ) )
  '  |____| .__|_| |_|_| |_\__, | / / / /
 =========|_|==============|___/=/_/_/_/

 :: Spring Boot ::                (v3.3.2)

2026-06-29T00:38:59.060+05:30  INFO 6380 --- [todo-app] [           main] com.capstone.todo.TodoApplication        : Starting TodoApplication using Java 21.0.10 with PID 6380 (C:\Users\SoumavaSamanta\sample-app-capstone\target\classes started by SoumavaSamanta in C:\Users\SoumavaSamanta\sample-app-capstone)
2026-06-29T00:38:59.061+05:30  INFO 6380 --- [todo-app] [           main] com.capstone.todo.TodoApplication        : No active profile set, falling back to 1 default profile: "default"
2026-06-29T00:39:00.531+05:30  INFO 6380 --- [todo-app] [           main] o.s.b.w.embedded.tomcat.TomcatWebServer  : Tomcat initialized with port 8090 (http)
2026-06-29T00:39:00.548+05:30  INFO 6380 --- [todo-app] [           main] o.apache.catalina.core.StandardService   : Starting service [Tomcat]
2026-06-29T00:39:00.548+05:30  INFO 6380 --- [todo-app] [           main] o.apache.catalina.core.StandardEngine    : Starting Servlet engine: [Apache Tomcat/10.1.26]
2026-06-29T00:39:00.625+05:30  INFO 6380 --- [todo-app] [           main] o.a.c.c.C.[Tomcat].[localhost].[/]       : Initializing Spring embedded WebApplicationContext
2026-06-29T00:39:00.627+05:30  INFO 6380 --- [todo-app] [           main] w.s.c.ServletWebServerApplicationContext : Root WebApplicationContext: initialization completed in 1492 ms
2026-06-29T00:39:00.927+05:30  INFO 6380 --- [todo-app] [           main] eAuthenticationProviderManagerConfigurer : Global AuthenticationManager configured with AuthenticationProvider bean with name authenticationProvider
2026-06-29T00:39:00.928+05:30  WARN 6380 --- [todo-app] [           main] r$InitializeUserDetailsManagerConfigurer : Global AuthenticationManager configured with an AuthenticationProvider bean. UserDetailsService beans will not be used for username/password login. Consider removing the AuthenticationProvider bean. Alternatively, consider using the UserDetailsService in a manually instantiated DaoAuthenticationProvider.
2026-06-29T00:39:01.436+05:30  INFO 6380 --- [todo-app] [           main] o.s.b.w.embedded.tomcat.TomcatWebServer  : Tomcat started on port 8090 (http) with context path '/'
2026-06-29T00:39:01.442+05:30  INFO 6380 --- [todo-app] [           main] com.capstone.todo.TodoApplication        : Started TodoApplication in 2.972 seconds (process running for 3.483)
2026-06-29T00:48:23.138+05:30  INFO 6380 --- [todo-app] [nio-8090-exec-2] o.a.c.c.C.[Tomcat].[localhost].[/]       : Initializing Spring DispatcherServlet 'dispatcherServlet'
2026-06-29T00:48:23.138+05:30  INFO 6380 --- [todo-app] [nio-8090-exec-2] o.s.web.servlet.DispatcherServlet        : Initializing Servlet 'dispatcherServlet'
2026-06-29T00:48:23.140+05:30  INFO 6380 --- [todo-app] [nio-8090-exec-2] o.s.web.servlet.DispatcherServlet        : Completed initialization in 2 ms
